C:\Users\pc\OneDrive\Masaüstü\AppointmentSaaS\Appointment_SaaS.Test\bin\Debug\net8.0\Appointment_SaaS.Test.dll (.NETCoreApp,Version=v8.0) için test çalıştırması
Microsoft (R) Test Yürütmesi Komut Satırı Aracı Sürüm 17.8.0 (x64)
Telif Hakkı (c) Microsoft Corporation. Tüm hakları saklıdır.

Test yürütmesi başlatılıyor, lütfen bekleyin...
Toplam 1 test dosyası belirtilen desenle eşleşti.
[xUnit.net 00:00:00.00] xUnit.net VSTest Adapter v2.4.5+1caef2f33e (64-bit .NET 8.0.1)
[xUnit.net 00:00:06.19]   Discovering: Appointment_SaaS.Test
[xUnit.net 00:00:06.30]   Discovered:  Appointment_SaaS.Test
[xUnit.net 00:00:06.31]   Starting:    Appointment_SaaS.Test
     Warning:
     The component "Fluent Assertions" is governed by the rules defined in the Xceed License Agreement and
     the Xceed Fluent Assertions Community License. You may use Fluent Assertions free of charge for
     non-commercial use only. An active subscription is required to use Fluent Assertions for commercial use.

     Please contact Xceed Sales mailto:sales@xceed.com to acquire a subscription at a very low cost.

     A paid commercial license supports the development and continued increasing support of
     Fluent Assertions users under both commercial and community licenses. Help us
     keep Fluent Assertions at the forefront of unit testing.

     For more information, visit https://xceed.com/products/unit-testing/fluent-assertions/
  Başarılı Appointment_SaaS.Test.AuthManagerTests.GenerateOtpForLoginAsync_ShouldThrowException_WhenTenantIsInactive [419 ms]
  Başarılı Appointment_SaaS.Test.AppointmentManagerTests.AddAppointmentAsync_ShouldThrowException_WhenSlotIsOccupied [520 ms]
  Başarılı Appointment_SaaS.Test.AuthManagerTests.VerifyOtpAndLoginAsync_ShouldReturnToken_WhenSuccess [106 ms]
  Başarılı Appointment_SaaS.Test.AppointmentManagerTests.IsSlotAvailableAsync_ShouldReturnTrue_WhenTimeIsFree [12 ms]
  Başarılı Appointment_SaaS.Test.AppointmentManagerTests.GetAllByTenantIdAsync_ShouldOnlyReturnRequestedTenantData [21 ms]
  Başarılı Appointment_SaaS.Test.AuthManagerTests.RegisterBusinessOwnerAsync_ShouldThrowException_WhenUserOrPhoneExists [28 ms]
dotnet : [xUnit.net 00:00:07.11]     Appointment_SaaS.Test.AppointmentManagerTests.AddAppointmentAsync_ShouldCallNotifi
cationService_WhenSuccess [FAIL]
At line:1 char:1
+ dotnet test Appointment_SaaS.Test\Appointment_SaaS.Test.csproj --no-b ...
+ ~~~~~~~~~~~~~~~~~~~~~~~~~~~~~~~~~~~~~~~~~~~~~~~~~~~~~~~~~~~~~~~~~~~~~
    + CategoryInfo          : NotSpecified: ([xUnit.net 00:0...nSuccess [FAIL]:String) [], RemoteException
    + FullyQualifiedErrorId : NativeCommandError
 
[xUnit.net 00:00:07.11]       Moq.MockException : 
[xUnit.net 00:00:07.11]       Expected invocation on the mock once, but was 0 times: x => x.SendWhatsAppMessageAsync("tenant_1", "MUSTERI_TELEFONU", It.Is<string>(s => s.Contains("başarıyla oluşturulmuştur")))
[xUnit.net 00:00:07.11]       
[xUnit.net 00:00:07.11]       Performed invocations:
[xUnit.net 00:00:07.11]       
[xUnit.net 00:00:07.11]          Mock<IEvolutionApiService:10> (x):
[xUnit.net 00:00:07.11]       
[xUnit.net 00:00:07.11]             IEvolutionApiService.SendWhatsAppMessageAsync("tenant_1", "", "Sayın , 20.04.2026 10:00 tarihindeki randevunuz başarıyla oluşturulmuştur.")
[xUnit.net 00:00:07.11]       
[xUnit.net 00:00:07.11]       Stack Trace:
[xUnit.net 00:00:07.11]         /_/src/Moq/Mock.cs(331,0): at Moq.Mock.Verify(Mock mock, LambdaExpression expression, Times times, String failMessage)
[xUnit.net 00:00:07.12]         /_/src/Moq/Mock`1.cs(1033,0): at Moq.Mock`1.Verify[TResult](Expression`1 expression, Func`1 times)
[xUnit.net 00:00:07.12]         C:\Users\pc\OneDrive\Masaüstü\AppointmentSaaS\Appointment_SaaS.Test\AppointmentManagerTests.cs(148,0): at Appointment_SaaS.Test.AppointmentManagerTests.AddAppointmentAsync_ShouldCallNotificationService_WhenSuccess()
[xUnit.net 00:00:07.12]         --- End of stack trace from previous location ---
  Başarılı Appointment_SaaS.Test.AppointmentManagerTests.IsSlotAvailableAsync_ShouldReturnFalse_WhenTimeOverlaps [12 ms]
  Başarılı Appointment_SaaS.Test.AuthManagerTests.VerifyOtpAndLoginAsync_ShouldThrowException_WhenOtpIsInvalid [13 ms]
  Başarılı Appointment_SaaS.Test.AntiFraudTests.GenerateOtpForLoginAsync_ShouldThrowSpecific_WhenSubscriptionExpired [23 ms]
  Başarılı Appointment_SaaS.Test.AntiFraudTests.ComputeTrialFingerprint_ShouldBeDeterministic [9 ms]
  Başarısız Appointment_SaaS.Test.AppointmentManagerTests.AddAppointmentAsync_ShouldCallNotificationService_WhenSuccess [84 ms]
  Hata İletisi:
   Moq.MockException : 
Expected invocation on the mock once, but was 0 times: x => x.SendWhatsAppMessageAsync("tenant_1", "MUSTERI_TELEFONU", It.Is<string>(s => s.Contains("başarıyla oluşturulmuştur")))

Performed invocations:

   Mock<IEvolutionApiService:10> (x):

      IEvolutionApiService.SendWhatsAppMessageAsync("tenant_1", "", "Sayın , 20.04.2026 10:00 tarihindeki randevunuz başarıyla oluşturulmuştur.")

  Yığın İzleme:
     at Moq.Mock.Verify(Mock mock, LambdaExpression expression, Times times, String failMessage) in /_/src/Moq/Mock.cs:line 331
   at Moq.Mock`1.Verify[TResult](Expression`1 expression, Func`1 times) in /_/src/Moq/Mock`1.cs:line 1033
   at Appointment_SaaS.Test.AppointmentManagerTests.AddAppointmentAsync_ShouldCallNotificationService_WhenSuccess() in C:\Users\pc\OneDrive\Masaüstü\AppointmentSaaS\Appointment_SaaS.Test\AppointmentManagerTests.cs:line 148
--- End of stack trace from previous location ---
  Başarılı Appointment_SaaS.Test.AppointmentManagerTests.GetAvailableSlotsAsync_ShouldReturnCorrectCalculatedSlots [42 ms]
  Başarılı Appointment_SaaS.Test.WebhookSignatureTests.VerifyHmacSignature_ShouldBeCaseSensitiveForBase64 [4 ms]
  Başarılı Appointment_SaaS.Test.WebhookSignatureTests.VerifyHmacSignature_ShouldReturnFalse_WhenSecretIsWrong [< 1 ms]
  Başarılı Appointment_SaaS.Test.WebhookSignatureTests.VerifyHmacSignature_ShouldReturnFalse_WhenSignatureIsEmpty [< 1 ms]
  Başarılı Appointment_SaaS.Test.WebhookSignatureTests.VerifyHmacSignature_ShouldReturnFalse_WhenSecretIsEmpty [< 1 ms]
  Başarılı Appointment_SaaS.Test.WebhookSignatureTests.VerifyHmacSignature_ShouldReturnTrue_WhenSignatureIsValidHex [< 1 ms]
  Başarılı Appointment_SaaS.Test.WebhookSignatureTests.VerifyHmacSignature_ShouldBeCaseInsensitiveForHex [< 1 ms]
  Başarılı Appointment_SaaS.Test.WebhookSignatureTests.VerifyHmacSignature_ShouldReturnFalse_WhenBodyIsTampered [< 1 ms]
  Başarılı Appointment_SaaS.Test.WebhookSignatureTests.VerifyHmacSignature_ShouldReturnFalse_WhenSignatureIsWrong [3 ms]
  Başarılı Appointment_SaaS.Test.WebhookSignatureTests.VerifyHmacSignature_ShouldReturnFalse_WhenBodyIsEmpty [< 1 ms]
  Başarılı Appointment_SaaS.Test.WebhookSignatureTests.VerifyHmacSignature_ShouldReturnTrue_WhenSignatureIsValidBase64 [< 1 ms]
  Başarılı Appointment_SaaS.Test.AntiFraudTests.RegisterBusinessOwnerAsync_ShouldAllow_WhenFingerprintExistsButTrialNotUsed [1 s]
  Başarılı Appointment_SaaS.Test.AntiFraudTests.GenerateOtpForLoginAsync_ShouldBlockWithGenericMessage_WhenBlacklisted [11 ms]
  Başarılı Appointment_SaaS.Test.AntiFraudTests.ComputeTrialFingerprint_ShouldDifferForDifferentInputs [1 ms]
  Başarılı Appointment_SaaS.Test.AntiFraudTests.ComputeTrialFingerprint_ShouldBeCaseInsensitive [1 ms]
  Başarılı Appointment_SaaS.Test.AntiFraudTests.RegisterBusinessOwnerAsync_ShouldBlock_WhenTrialAlreadyUsedByFingerprint [32 ms]
  Başarılı Appointment_SaaS.Test.TenantManagerTests.SuspendForRefundAsync_ShouldBeIdempotent_WhenSamePaymentIdReceived [3 s]
  Başarılı Appointment_SaaS.Test.TenantManagerTests.GetByApiKeyAsync_ShouldReturnNull_WhenTenantIsInactive [16 ms]
  Başarılı Appointment_SaaS.Test.TenantManagerTests.AddTenantAsync_ShouldThrowException_WhenDuplicateDataExists [51 ms]
[xUnit.net 00:00:10.07]     Appointment_SaaS.Test.BulletProofTests.GetStaffWithFewest_ShouldAssignToIdleStaff_WhenOneHa
sMoreAppointments [FAIL]
[xUnit.net 00:00:10.07]       System.ArgumentException : must be reducible node
[xUnit.net 00:00:10.07]       Stack Trace:
[xUnit.net 00:00:10.07]            at System.Linq.Expressions.Expression.ReduceAndCheck()
[xUnit.net 00:00:10.07]            at System.Linq.Expressions.Expression.ReduceExtensions()
[xUnit.net 00:00:10.07]            at System.Linq.Expressions.Compiler.StackSpiller.RewriteExtensionExpression(Expression expr, Stack stack)
[xUnit.net 00:00:10.07]            at System.Linq.Expressions.Compiler.StackSpiller.RewriteExpression(Expression node, Stack stack)
[xUnit.net 00:00:10.07]            at System.Linq.Expressions.Compiler.StackSpiller.ChildRewriter.Add(Expression expression)
[xUnit.net 00:00:10.07]            at System.Linq.Expressions.Compiler.StackSpiller.ChildRewriter.AddArguments(IArgumentProvider expressions)
[xUnit.net 00:00:10.07]            at System.Linq.Expressions.Compiler.StackSpiller.RewriteMethodCallExpression(Expression expr, Stack stack)
[xUnit.net 00:00:10.07]            at System.Linq.Expressions.Compiler.StackSpiller.RewriteExpression(Expression node, Stack stack)
[xUnit.net 00:00:10.07]            at System.Linq.Expressions.Compiler.StackSpiller.ChildRewriter.Add(Expression expression)
[xUnit.net 00:00:10.07]            at System.Linq.Expressions.Compiler.StackSpiller.ChildRewriter.AddArguments(IArgumentProvider expressions)
[xUnit.net 00:00:10.07]            at System.Linq.Expressions.Compiler.StackSpiller.RewriteMethodCallExpression(Expression expr, Stack stack)
[xUnit.net 00:00:10.07]            at System.Linq.Expressions.Compiler.StackSpiller.RewriteExpression(Expression node, Stack stack)
[xUnit.net 00:00:10.07]            at System.Linq.Expressions.Compiler.StackSpiller.RewriteExpressionFreeTemps(Expression expression, Stack stack)
[xUnit.net 00:00:10.07]            at System.Linq.Expressions.Compiler.StackSpiller.Rewrite[T](Expression`1 lambda)
[xUnit.net 00:00:10.07]            at System.Linq.Expressions.Compiler.LambdaCompiler.Compile(LambdaExpression lambda)
[xUnit.net 00:00:10.07]            at System.Linq.Expressions.Expression`1.Compile()
[xUnit.net 00:00:10.07]            at MockQueryable.Core.TestQueryProvider`1.CompileExpressionItem[TResult](Expression expression)
[xUnit.net 00:00:10.08]            at MockQueryable.Core.TestQueryProvider`1.Execute[TResult](Expression expression)
[xUnit.net 00:00:10.08]            at InvokeStub_IQueryProvider.Execute(Object, Span`1)
[xUnit.net 00:00:10.08]            at System.Reflection.MethodBaseInvoker.InvokeWithOneArg(Object obj, BindingFlags invokeAttr, Binder binder, Object[] parameters, CultureInfo culture)
[xUnit.net 00:00:10.18]     Appointment_SaaS.Test.BulletProofTests.GetStaffWithFewest_ShouldAssignToOnlyStaff_WhenSingl
eActive [FAIL]
[xUnit.net 00:00:10.18]       System.ArgumentException : must be reducible node
[xUnit.net 00:00:10.19]       Stack Trace:
[xUnit.net 00:00:10.19]            at System.Linq.Expressions.Expression.ReduceAndCheck()
[xUnit.net 00:00:10.19]            at System.Linq.Expressions.Expression.ReduceExtensions()
[xUnit.net 00:00:10.19]            at System.Linq.Expressions.Compiler.StackSpiller.RewriteExtensionExpression(Expression expr, Stack stack)
[xUnit.net 00:00:10.19]            at System.Linq.Expressions.Compiler.StackSpiller.RewriteExpression(Expression node, Stack stack)
[xUnit.net 00:00:10.19]            at System.Linq.Expressions.Compiler.StackSpiller.ChildRewriter.Add(Expression expression)
[xUnit.net 00:00:10.19]            at System.Linq.Expressions.Compiler.StackSpiller.ChildRewriter.AddArguments(IArgumentProvider expressions)
[xUnit.net 00:00:10.19]            at System.Linq.Expressions.Compiler.StackSpiller.RewriteMethodCallExpression(Expression expr, Stack stack)
[xUnit.net 00:00:10.19]            at System.Linq.Expressions.Compiler.StackSpiller.RewriteExpression(Expression node, Stack stack)
[xUnit.net 00:00:10.19]            at System.Linq.Expressions.Compiler.StackSpiller.ChildRewriter.Add(Expression expression)
[xUnit.net 00:00:10.19]            at System.Linq.Expressions.Compiler.StackSpiller.ChildRewriter.AddArguments(IArgumentProvider expressions)
[xUnit.net 00:00:10.19]            at System.Linq.Expressions.Compiler.StackSpiller.RewriteMethodCallExpression(Expression expr, Stack stack)
[xUnit.net 00:00:10.19]            at System.Linq.Expressions.Compiler.StackSpiller.RewriteExpression(Expression node, Stack stack)
[xUnit.net 00:00:10.19]            at System.Linq.Expressions.Compiler.StackSpiller.RewriteExpressionFreeTemps(Expression expression, Stack stack)
[xUnit.net 00:00:10.19]            at System.Linq.Expressions.Compiler.StackSpiller.Rewrite[T](Expression`1 lambda)
[xUnit.net 00:00:10.19]            at System.Linq.Expressions.Compiler.LambdaCompiler.Compile(LambdaExpression lambda)
[xUnit.net 00:00:10.19]            at System.Linq.Expressions.Expression`1.Compile()
[xUnit.net 00:00:10.19]            at MockQueryable.Core.TestQueryProvider`1.CompileExpressionItem[TResult](Expression expression)
[xUnit.net 00:00:10.19]            at MockQueryable.Core.TestQueryProvider`1.Execute[TResult](Expression expression)
[xUnit.net 00:00:10.19]            at InvokeStub_IQueryProvider.Execute(Object, Span`1)
[xUnit.net 00:00:10.19]            at System.Reflection.MethodBaseInvoker.InvokeWithOneArg(Object obj, BindingFlags invokeAttr, Binder binder, Object[] parameters, CultureInfo culture)
  Başarılı Appointment_SaaS.Test.TenantManagerTests.GetContextByInstanceAsync_ShouldOnlyReturnActiveTenants [28 ms]
  Başarılı Appointment_SaaS.Test.TenantManagerTests.AddTenantAsync_ShouldRollbackInstance_WhenDatabaseFails [43 ms]
  Başarılı Appointment_SaaS.Test.TenantManagerTests.GetByPhoneNumberAsync_ShouldNormalizeAndReturnCorrectTenant [31 ms]
  Başarılı Appointment_SaaS.Test.TenantManagerTests.GetByFingerprintAsync_ShouldReturnNull_WhenNoMatch [11 ms]
  Başarısız Appointment_SaaS.Test.BulletProofTests.GetStaffWithFewest_ShouldAssignToIdleStaff_WhenOneHasMoreAppointments [3 s]
  Hata İletisi:
   System.ArgumentException : must be reducible node
  Yığın İzleme:
     at System.Linq.Expressions.Expression.ReduceAndCheck()
   at System.Linq.Expressions.Expression.ReduceExtensions()
   at System.Linq.Expressions.Compiler.StackSpiller.RewriteExtensionExpression(Expression expr, Stack stack)
   at System.Linq.Expressions.Compiler.StackSpiller.RewriteExpression(Expression node, Stack stack)
   at System.Linq.Expressions.Compiler.StackSpiller.ChildRewriter.Add(Expression expression)
   at System.Linq.Expressions.Compiler.StackSpiller.ChildRewriter.AddArguments(IArgumentProvider expressions)
   at System.Linq.Expressions.Compiler.StackSpiller.RewriteMethodCallExpression(Expression expr, Stack stack)
   at System.Linq.Expressions.Compiler.StackSpiller.RewriteExpression(Expression node, Stack stack)
   at System.Linq.Expressions.Compiler.StackSpiller.ChildRewriter.Add(Expression expression)
   at System.Linq.Expressions.Compiler.StackSpiller.ChildRewriter.AddArguments(IArgumentProvider expressions)
   at System.Linq.Expressions.Compiler.StackSpiller.RewriteMethodCallExpression(Expression expr, Stack stack)
   at System.Linq.Expressions.Compiler.StackSpiller.RewriteExpression(Expression node, Stack stack)
   at System.Linq.Expressions.Compiler.StackSpiller.RewriteExpressionFreeTemps(Expression expression, Stack stack)
   at System.Linq.Expressions.Compiler.StackSpiller.Rewrite[T](Expression`1 lambda)
   at System.Linq.Expressions.Compiler.LambdaCompiler.Compile(LambdaExpression lambda)
   at System.Linq.Expressions.Expression`1.Compile()
   at MockQueryable.Core.TestQueryProvider`1.CompileExpressionItem[TResult](Expression expression)
   at MockQueryable.Core.TestQueryProvider`1.Execute[TResult](Expression expression)
   at InvokeStub_IQueryProvider.Execute(Object, Span`1)
   at System.Reflection.MethodBaseInvoker.InvokeWithOneArg(Object obj, BindingFlags invokeAttr, Binder binder, Object[] parameters, CultureInfo culture)
  Başarılı Appointment_SaaS.Test.BulletProofTests.WebhookAuth_WithWrongToken_ShouldReturn401 [5 ms]
  Başarısız Appointment_SaaS.Test.BulletProofTests.GetStaffWithFewest_ShouldAssignToOnlyStaff_WhenSingleActive [109 ms]
  Hata İletisi:
   System.ArgumentException : must be reducible node
  Yığın İzleme:
     at System.Linq.Expressions.Expression.ReduceAndCheck()
   at System.Linq.Expressions.Expression.ReduceExtensions()
   at System.Linq.Expressions.Compiler.StackSpiller.RewriteExtensionExpression(Expression expr, Stack stack)
   at System.Linq.Expressions.Compiler.StackSpiller.RewriteExpression(Expression node, Stack stack)
   at System.Linq.Expressions.Compiler.StackSpiller.ChildRewriter.Add(Expression expression)
   at System.Linq.Expressions.Compiler.StackSpiller.ChildRewriter.AddArguments(IArgumentProvider expressions)
   at System.Linq.Expressions.Compiler.StackSpiller.RewriteMethodCallExpression(Expression expr, Stack stack)
   at System.Linq.Expressions.Compiler.StackSpiller.RewriteExpression(Expression node, Stack stack)
   at System.Linq.Expressions.Compiler.StackSpiller.ChildRewriter.Add(Expression expression)
   at System.Linq.Expressions.Compiler.StackSpiller.ChildRewriter.AddArguments(IArgumentProvider expressions)
   at System.Linq.Expressions.Compiler.StackSpiller.RewriteMethodCallExpression(Expression expr, Stack stack)
   at System.Linq.Expressions.Compiler.StackSpiller.RewriteExpression(Expression node, Stack stack)
   at System.Linq.Expressions.Compiler.StackSpiller.RewriteExpressionFreeTemps(Expression expression, Stack stack)
   at System.Linq.Expressions.Compiler.StackSpiller.Rewrite[T](Expression`1 lambda)
   at System.Linq.Expressions.Compiler.LambdaCompiler.Compile(LambdaExpression lambda)
   at System.Linq.Expressions.Expression`1.Compile()
   at MockQueryable.Core.TestQueryProvider`1.CompileExpressionItem[TResult](Expression expression)
   at MockQueryable.Core.TestQueryProvider`1.Execute[TResult](Expression expression)
   at InvokeStub_IQueryProvider.Execute(Object, Span`1)
   at System.Reflection.MethodBaseInvoker.InvokeWithOneArg(Object obj, BindingFlags invokeAttr, Binder binder, Object[] parameters, CultureInfo culture)
  Başarılı Appointment_SaaS.Test.BulletProofTests.PassiveTenant_IsActive_False_ShouldNotAllowContextAccess [7 ms]
[xUnit.net 00:00:10.22]     Appointment_SaaS.Test.BulletProofTests.UpdateGoogleEventIdAsync_ShouldReturnFalse_WhenAppoi
ntmentNotFound [FAIL]
[xUnit.net 00:00:10.22]       System.ArgumentException : must be reducible node
[xUnit.net 00:00:10.22]       Stack Trace:
[xUnit.net 00:00:10.22]            at System.Linq.Expressions.Expression.ReduceAndCheck()
[xUnit.net 00:00:10.22]            at System.Linq.Expressions.Expression.ReduceExtensions()
[xUnit.net 00:00:10.22]            at System.Linq.Expressions.Compiler.StackSpiller.RewriteExtensionExpression(Expression expr, Stack stack)
[xUnit.net 00:00:10.22]            at System.Linq.Expressions.Compiler.StackSpiller.RewriteExpression(Expression node, Stack stack)
[xUnit.net 00:00:10.22]            at System.Linq.Expressions.Compiler.StackSpiller.ChildRewriter.Add(Expression expression)
[xUnit.net 00:00:10.22]            at System.Linq.Expressions.Compiler.StackSpiller.ChildRewriter.AddArguments(IArgumentProvider expressions)
[xUnit.net 00:00:10.22]            at System.Linq.Expressions.Compiler.StackSpiller.RewriteMethodCallExpression(Expression expr, Stack stack)
[xUnit.net 00:00:10.23]            at System.Linq.Expressions.Compiler.StackSpiller.RewriteExpression(Expression node, Stack stack)
[xUnit.net 00:00:10.23]            at System.Linq.Expressions.Compiler.StackSpiller.ChildRewriter.Add(Expression expression)
[xUnit.net 00:00:10.23]            at System.Linq.Expressions.Compiler.StackSpiller.ChildRewriter.AddArguments(IArgumentProvider expressions)
[xUnit.net 00:00:10.23]            at System.Linq.Expressions.Compiler.StackSpiller.RewriteMethodCallExpression(Expression expr, Stack stack)
[xUnit.net 00:00:10.23]            at System.Linq.Expressions.Compiler.StackSpiller.RewriteExpression(Expression node, Stack stack)
[xUnit.net 00:00:10.23]            at System.Linq.Expressions.Compiler.StackSpiller.RewriteExpressionFreeTemps(Expression expression, Stack stack)
[xUnit.net 00:00:10.23]            at System.Linq.Expressions.Compiler.StackSpiller.Rewrite[T](Expression`1 lambda)
[xUnit.net 00:00:10.23]            at System.Linq.Expressions.Compiler.LambdaCompiler.Compile(LambdaExpression lambda)
[xUnit.net 00:00:10.23]            at System.Linq.Expressions.Expression`1.Compile()
[xUnit.net 00:00:10.23]            at MockQueryable.Core.TestQueryProvider`1.CompileExpressionItem[TResult](Expression expression)
[xUnit.net 00:00:10.23]            at MockQueryable.Core.TestQueryProvider`1.Execute[TResult](Expression expression)
[xUnit.net 00:00:10.23]            at System.RuntimeMethodHandle.InvokeMethod(Object target, Void** arguments, Signature sig, Boolean isConstructor)
[xUnit.net 00:00:10.23]            at System.Reflection.MethodBaseInvoker.InvokeDirectByRefWithFewArgs(Object obj, Span`1 copyOfArgs, BindingFlags invokeAttr)
[xUnit.net 00:00:10.29]     Appointment_SaaS.Test.BulletProofTests.UpdateGoogleEventIdAsync_ShouldSaveId_WhenAppointmen
tExists [FAIL]
[xUnit.net 00:00:10.29]       System.ArgumentException : must be reducible node
[xUnit.net 00:00:10.29]       Stack Trace:
[xUnit.net 00:00:10.29]            at System.Linq.Expressions.Expression.ReduceAndCheck()
[xUnit.net 00:00:10.29]            at System.Linq.Expressions.Expression.ReduceExtensions()
[xUnit.net 00:00:10.29]            at System.Linq.Expressions.Compiler.StackSpiller.RewriteExtensionExpression(Expression expr, Stack stack)
[xUnit.net 00:00:10.29]            at System.Linq.Expressions.Compiler.StackSpiller.RewriteExpression(Expression node, Stack stack)
[xUnit.net 00:00:10.29]            at System.Linq.Expressions.Compiler.StackSpiller.ChildRewriter.Add(Expression expression)
[xUnit.net 00:00:10.29]            at System.Linq.Expressions.Compiler.StackSpiller.ChildRewriter.AddArguments(IArgumentProvider expressions)
[xUnit.net 00:00:10.30]            at System.Linq.Expressions.Compiler.StackSpiller.RewriteMethodCallExpression(Expression expr, Stack stack)
[xUnit.net 00:00:10.30]            at System.Linq.Expressions.Compiler.StackSpiller.RewriteExpression(Expression node, Stack stack)
[xUnit.net 00:00:10.30]            at System.Linq.Expressions.Compiler.StackSpiller.ChildRewriter.Add(Expression expression)
[xUnit.net 00:00:10.30]            at System.Linq.Expressions.Compiler.StackSpiller.ChildRewriter.AddArguments(IArgumentProvider expressions)
[xUnit.net 00:00:10.30]            at System.Linq.Expressions.Compiler.StackSpiller.RewriteMethodCallExpression(Expression expr, Stack stack)
[xUnit.net 00:00:10.30]            at System.Linq.Expressions.Compiler.StackSpiller.RewriteExpression(Expression node, Stack stack)
[xUnit.net 00:00:10.30]            at System.Linq.Expressions.Compiler.StackSpiller.RewriteExpressionFreeTemps(Expression expression, Stack stack)
[xUnit.net 00:00:10.30]            at System.Linq.Expressions.Compiler.StackSpiller.Rewrite[T](Expression`1 lambda)
[xUnit.net 00:00:10.30]            at System.Linq.Expressions.Compiler.LambdaCompiler.Compile(LambdaExpression lambda)
[xUnit.net 00:00:10.30]            at System.Linq.Expressions.Expression`1.Compile()
[xUnit.net 00:00:10.30]            at MockQueryable.Core.TestQueryProvider`1.CompileExpressionItem[TResult](Expression expression)
[xUnit.net 00:00:10.30]            at MockQueryable.Core.TestQueryProvider`1.Execute[TResult](Expression expression)
[xUnit.net 00:00:10.30]            at InvokeStub_IQueryProvider.Execute(Object, Span`1)
[xUnit.net 00:00:10.30]            at System.Reflection.MethodBaseInvoker.InvokeWithOneArg(Object obj, BindingFlags invokeAttr, Binder binder, Object[] parameters, CultureInfo culture)
  Başarılı Appointment_SaaS.Test.BulletProofTests.PassiveTenant_ShouldNotAllowGoogleTokenRefresh [3 ms]
  Başarılı Appointment_SaaS.Test.BulletProofTests.BlacklistedTenant_ShouldNotAllowContextAccess [12 ms]
  Başarısız Appointment_SaaS.Test.BulletProofTests.UpdateGoogleEventIdAsync_ShouldReturnFalse_WhenAppointmentNotFound [12 ms]
  Hata İletisi:
   System.ArgumentException : must be reducible node
  Yığın İzleme:
     at System.Linq.Expressions.Expression.ReduceAndCheck()
   at System.Linq.Expressions.Expression.ReduceExtensions()
   at System.Linq.Expressions.Compiler.StackSpiller.RewriteExtensionExpression(Expression expr, Stack stack)
   at System.Linq.Expressions.Compiler.StackSpiller.RewriteExpression(Expression node, Stack stack)
   at System.Linq.Expressions.Compiler.StackSpiller.ChildRewriter.Add(Expression expression)
   at System.Linq.Expressions.Compiler.StackSpiller.ChildRewriter.AddArguments(IArgumentProvider expressions)
   at System.Linq.Expressions.Compiler.StackSpiller.RewriteMethodCallExpression(Expression expr, Stack stack)
   at System.Linq.Expressions.Compiler.StackSpiller.RewriteExpression(Expression node, Stack stack)
   at System.Linq.Expressions.Compiler.StackSpiller.ChildRewriter.Add(Expression expression)
   at System.Linq.Expressions.Compiler.StackSpiller.ChildRewriter.AddArguments(IArgumentProvider expressions)
   at System.Linq.Expressions.Compiler.StackSpiller.RewriteMethodCallExpression(Expression expr, Stack stack)
   at System.Linq.Expressions.Compiler.StackSpiller.RewriteExpression(Expression node, Stack stack)
   at System.Linq.Expressions.Compiler.StackSpiller.RewriteExpressionFreeTemps(Expression expression, Stack stack)
   at System.Linq.Expressions.Compiler.StackSpiller.Rewrite[T](Expression`1 lambda)
   at System.Linq.Expressions.Compiler.LambdaCompiler.Compile(LambdaExpression lambda)
   at System.Linq.Expressions.Expression`1.Compile()
   at MockQueryable.Core.TestQueryProvider`1.CompileExpressionItem[TResult](Expression expression)
   at MockQueryable.Core.TestQueryProvider`1.Execute[TResult](Expression expression)
   at System.RuntimeMethodHandle.InvokeMethod(Object target, Void** arguments, Signature sig, Boolean isConstructor)
   at System.Reflection.MethodBaseInvoker.InvokeDirectByRefWithFewArgs(Object obj, Span`1 copyOfArgs, BindingFlags invokeAttr)
  Başarılı Appointment_SaaS.Test.TenantManagerTests.BlacklistAsync_ShouldSetIsBlacklisted_AndWriteAuditLog [196 ms]
  Başarılı Appointment_SaaS.Test.BulletProofTests.MegaContextPath_ShouldBeProtected_NotExcluded [3 ms]
  Başarılı Appointment_SaaS.Test.BulletProofTests.IyzicoWebhookPath_ShouldBeExcluded_FromTokenCheck [7 ms]
  Başarısız Appointment_SaaS.Test.BulletProofTests.UpdateGoogleEventIdAsync_ShouldSaveId_WhenAppointmentExists [51 ms]
  Hata İletisi:
   System.ArgumentException : must be reducible node
  Yığın İzleme:
     at System.Linq.Expressions.Expression.ReduceAndCheck()
   at System.Linq.Expressions.Expression.ReduceExtensions()
   at System.Linq.Expressions.Compiler.StackSpiller.RewriteExtensionExpression(Expression expr, Stack stack)
   at System.Linq.Expressions.Compiler.StackSpiller.RewriteExpression(Expression node, Stack stack)
   at System.Linq.Expressions.Compiler.StackSpiller.ChildRewriter.Add(Expression expression)
   at System.Linq.Expressions.Compiler.StackSpiller.ChildRewriter.AddArguments(IArgumentProvider expressions)
   at System.Linq.Expressions.Compiler.StackSpiller.RewriteMethodCallExpression(Expression expr, Stack stack)
   at System.Linq.Expressions.Compiler.StackSpiller.RewriteExpression(Expression node, Stack stack)
   at System.Linq.Expressions.Compiler.StackSpiller.ChildRewriter.Add(Expression expression)
   at System.Linq.Expressions.Compiler.StackSpiller.ChildRewriter.AddArguments(IArgumentProvider expressions)
   at System.Linq.Expressions.Compiler.StackSpiller.RewriteMethodCallExpression(Expression expr, Stack stack)
   at System.Linq.Expressions.Compiler.StackSpiller.RewriteExpression(Expression node, Stack stack)
   at System.Linq.Expressions.Compiler.StackSpiller.RewriteExpressionFreeTemps(Expression expression, Stack stack)
   at System.Linq.Expressions.Compiler.StackSpiller.Rewrite[T](Expression`1 lambda)
   at System.Linq.Expressions.Compiler.LambdaCompiler.Compile(LambdaExpression lambda)
   at System.Linq.Expressions.Expression`1.Compile()
   at MockQueryable.Core.TestQueryProvider`1.CompileExpressionItem[TResult](Expression expression)
   at MockQueryable.Core.TestQueryProvider`1.Execute[TResult](Expression expression)
   at InvokeStub_IQueryProvider.Execute(Object, Span`1)
   at System.Reflection.MethodBaseInvoker.InvokeWithOneArg(Object obj, BindingFlags invokeAttr, Binder binder, Object[] parameters, CultureInfo culture)
  Başarılı Appointment_SaaS.Test.BulletProofTests.WebhookAuth_WithCorrectToken_ShouldPass [2 ms]
[xUnit.net 00:00:10.31]     Appointment_SaaS.Test.BulletProofTests.UpdateGoogleEventIdAsync_ShouldOverwrite_WhenCalledT
wice [FAIL]
[xUnit.net 00:00:10.31]       System.ArgumentException : must be reducible node
[xUnit.net 00:00:10.31]       Stack Trace:
[xUnit.net 00:00:10.31]            at System.Linq.Expressions.Expression.ReduceAndCheck()
[xUnit.net 00:00:10.31]            at System.Linq.Expressions.Expression.ReduceExtensions()
[xUnit.net 00:00:10.31]            at System.Linq.Expressions.Compiler.StackSpiller.RewriteExtensionExpression(Expression expr, Stack stack)
[xUnit.net 00:00:10.31]            at System.Linq.Expressions.Compiler.StackSpiller.RewriteExpression(Expression node, Stack stack)
[xUnit.net 00:00:10.31]            at System.Linq.Expressions.Compiler.StackSpiller.ChildRewriter.Add(Expression expression)
[xUnit.net 00:00:10.31]            at System.Linq.Expressions.Compiler.StackSpiller.ChildRewriter.AddArguments(IArgumentProvider expressions)
[xUnit.net 00:00:10.31]            at System.Linq.Expressions.Compiler.StackSpiller.RewriteMethodCallExpression(Expression expr, Stack stack)
[xUnit.net 00:00:10.31]            at System.Linq.Expressions.Compiler.StackSpiller.RewriteExpression(Expression node, Stack stack)
[xUnit.net 00:00:10.31]            at System.Linq.Expressions.Compiler.StackSpiller.ChildRewriter.Add(Expression expression)
[xUnit.net 00:00:10.31]            at System.Linq.Expressions.Compiler.StackSpiller.ChildRewriter.AddArguments(IArgumentProvider expressions)
[xUnit.net 00:00:10.31]            at System.Linq.Expressions.Compiler.StackSpiller.RewriteMethodCallExpression(Expression expr, Stack stack)
[xUnit.net 00:00:10.31]            at System.Linq.Expressions.Compiler.StackSpiller.RewriteExpression(Expression node, Stack stack)
[xUnit.net 00:00:10.31]            at System.Linq.Expressions.Compiler.StackSpiller.RewriteExpressionFreeTemps(Expression expression, Stack stack)
[xUnit.net 00:00:10.31]            at System.Linq.Expressions.Compiler.StackSpiller.Rewrite[T](Expression`1 lambda)
[xUnit.net 00:00:10.32]            at System.Linq.Expressions.Compiler.LambdaCompiler.Compile(LambdaExpression lambda)
[xUnit.net 00:00:10.32]            at System.Linq.Expressions.Expression`1.Compile()
[xUnit.net 00:00:10.32]            at MockQueryable.Core.TestQueryProvider`1.CompileExpressionItem[TResult](Expression expression)
[xUnit.net 00:00:10.32]            at MockQueryable.Core.TestQueryProvider`1.Execute[TResult](Expression expression)
[xUnit.net 00:00:10.32]            at InvokeStub_IQueryProvider.Execute(Object, Span`1)
[xUnit.net 00:00:10.32]            at System.Reflection.MethodBaseInvoker.InvokeWithOneArg(Object obj, BindingFlags invokeAttr, Binder binder, Object[] parameters, CultureInfo culture)
[xUnit.net 00:00:10.33]     Appointment_SaaS.Test.BulletProofTests.GetStaffWithFewest_ShouldReturnNull_WhenNoActiveStaf
f [FAIL]
[xUnit.net 00:00:10.33]       System.ArgumentException : must be reducible node
[xUnit.net 00:00:10.33]       Stack Trace:
[xUnit.net 00:00:10.33]            at System.Linq.Expressions.Expression.ReduceAndCheck()
[xUnit.net 00:00:10.33]            at System.Linq.Expressions.Expression.ReduceExtensions()
[xUnit.net 00:00:10.33]            at System.Linq.Expressions.Compiler.StackSpiller.RewriteExtensionExpression(Expression expr, Stack stack)
[xUnit.net 00:00:10.33]            at System.Linq.Expressions.Compiler.StackSpiller.RewriteExpression(Expression node, Stack stack)
[xUnit.net 00:00:10.33]            at System.Linq.Expressions.Compiler.StackSpiller.ChildRewriter.Add(Expression expression)
[xUnit.net 00:00:10.33]            at System.Linq.Expressions.Compiler.StackSpiller.ChildRewriter.AddArguments(IArgumentProvider expressions)
[xUnit.net 00:00:10.33]            at System.Linq.Expressions.Compiler.StackSpiller.RewriteMethodCallExpression(Expression expr, Stack stack)
[xUnit.net 00:00:10.33]            at System.Linq.Expressions.Compiler.StackSpiller.RewriteExpression(Expression node, Stack stack)
[xUnit.net 00:00:10.33]            at System.Linq.Expressions.Compiler.StackSpiller.ChildRewriter.Add(Expression expression)
[xUnit.net 00:00:10.33]            at System.Linq.Expressions.Compiler.StackSpiller.ChildRewriter.AddArguments(IArgumentProvider expressions)
[xUnit.net 00:00:10.33]            at System.Linq.Expressions.Compiler.StackSpiller.RewriteMethodCallExpression(Expression expr, Stack stack)
[xUnit.net 00:00:10.33]            at System.Linq.Expressions.Compiler.StackSpiller.RewriteExpression(Expression node, Stack stack)
[xUnit.net 00:00:10.33]            at System.Linq.Expressions.Compiler.StackSpiller.RewriteExpressionFreeTemps(Expression expression, Stack stack)
[xUnit.net 00:00:10.33]            at System.Linq.Expressions.Compiler.StackSpiller.Rewrite[T](Expression`1 lambda)
[xUnit.net 00:00:10.33]            at System.Linq.Expressions.Compiler.LambdaCompiler.Compile(LambdaExpression lambda)
[xUnit.net 00:00:10.33]            at System.Linq.Expressions.Expression`1.Compile()
[xUnit.net 00:00:10.33]            at MockQueryable.Core.TestQueryProvider`1.CompileExpressionItem[TResult](Expression expression)
[xUnit.net 00:00:10.33]            at MockQueryable.Core.TestQueryProvider`1.Execute[TResult](Expression expression)
[xUnit.net 00:00:10.33]            at InvokeStub_IQueryProvider.Execute(Object, Span`1)
[xUnit.net 00:00:10.34]            at System.Reflection.MethodBaseInvoker.InvokeWithOneArg(Object obj, BindingFlags invokeAttr, Binder binder, Object[] parameters, CultureInfo culture)
[xUnit.net 00:00:10.35]     Appointment_SaaS.Test.BulletProofTests.GetStaffWithFewest_ShouldAssignToFirstById_WhenLoadI
sEqual [FAIL]
[xUnit.net 00:00:10.35]       System.ArgumentException : must be reducible node
[xUnit.net 00:00:10.35]       Stack Trace:
[xUnit.net 00:00:10.35]            at System.Linq.Expressions.Expression.ReduceAndCheck()
[xUnit.net 00:00:10.35]            at System.Linq.Expressions.Expression.ReduceExtensions()
[xUnit.net 00:00:10.35]            at System.Linq.Expressions.Compiler.StackSpiller.RewriteExtensionExpression(Expression expr, Stack stack)
[xUnit.net 00:00:10.35]            at System.Linq.Expressions.Compiler.StackSpiller.RewriteExpression(Expression node, Stack stack)
[xUnit.net 00:00:10.35]            at System.Linq.Expressions.Compiler.StackSpiller.ChildRewriter.Add(Expression expression)
[xUnit.net 00:00:10.35]            at System.Linq.Expressions.Compiler.StackSpiller.ChildRewriter.AddArguments(IArgumentProvider expressions)
[xUnit.net 00:00:10.35]            at System.Linq.Expressions.Compiler.StackSpiller.RewriteMethodCallExpression(Expression expr, Stack stack)
[xUnit.net 00:00:10.35]            at System.Linq.Expressions.Compiler.StackSpiller.RewriteExpression(Expression node, Stack stack)
[xUnit.net 00:00:10.35]            at System.Linq.Expressions.Compiler.StackSpiller.ChildRewriter.Add(Expression expression)
[xUnit.net 00:00:10.36]            at System.Linq.Expressions.Compiler.StackSpiller.ChildRewriter.AddArguments(IArgumentProvider expressions)
[xUnit.net 00:00:10.36]            at System.Linq.Expressions.Compiler.StackSpiller.RewriteMethodCallExpression(Expression expr, Stack stack)
[xUnit.net 00:00:10.36]            at System.Linq.Expressions.Compiler.StackSpiller.RewriteExpression(Expression node, Stack stack)
[xUnit.net 00:00:10.36]            at System.Linq.Expressions.Compiler.StackSpiller.RewriteExpressionFreeTemps(Expression expression, Stack stack)
[xUnit.net 00:00:10.36]            at System.Linq.Expressions.Compiler.StackSpiller.Rewrite[T](Expression`1 lambda)
[xUnit.net 00:00:10.36]            at System.Linq.Expressions.Compiler.LambdaCompiler.Compile(LambdaExpression lambda)
[xUnit.net 00:00:10.36]            at System.Linq.Expressions.Expression`1.Compile()
[xUnit.net 00:00:10.36]            at MockQueryable.Core.TestQueryProvider`1.CompileExpressionItem[TResult](Expression expression)
[xUnit.net 00:00:10.36]            at MockQueryable.Core.TestQueryProvider`1.Execute[TResult](Expression expression)
[xUnit.net 00:00:10.36]            at InvokeStub_IQueryProvider.Execute(Object, Span`1)
[xUnit.net 00:00:10.36]            at System.Reflection.MethodBaseInvoker.InvokeWithOneArg(Object obj, BindingFlags invokeAttr, Binder binder, Object[] parameters, CultureInfo culture)
  Başarısız Appointment_SaaS.Test.BulletProofTests.UpdateGoogleEventIdAsync_ShouldOverwrite_WhenCalledTwice [11 ms]
  Hata İletisi:
   System.ArgumentException : must be reducible node
  Yığın İzleme:
     at System.Linq.Expressions.Expression.ReduceAndCheck()
   at System.Linq.Expressions.Expression.ReduceExtensions()
   at System.Linq.Expressions.Compiler.StackSpiller.RewriteExtensionExpression(Expression expr, Stack stack)
   at System.Linq.Expressions.Compiler.StackSpiller.RewriteExpression(Expression node, Stack stack)
   at System.Linq.Expressions.Compiler.StackSpiller.ChildRewriter.Add(Expression expression)
   at System.Linq.Expressions.Compiler.StackSpiller.ChildRewriter.AddArguments(IArgumentProvider expressions)
   at System.Linq.Expressions.Compiler.StackSpiller.RewriteMethodCallExpression(Expression expr, Stack stack)
   at System.Linq.Expressions.Compiler.StackSpiller.RewriteExpression(Expression node, Stack stack)
   at System.Linq.Expressions.Compiler.StackSpiller.ChildRewriter.Add(Expression expression)
   at System.Linq.Expressions.Compiler.StackSpiller.ChildRewriter.AddArguments(IArgumentProvider expressions)
   at System.Linq.Expressions.Compiler.StackSpiller.RewriteMethodCallExpression(Expression expr, Stack stack)
   at System.Linq.Expressions.Compiler.StackSpiller.RewriteExpression(Expression node, Stack stack)
   at System.Linq.Expressions.Compiler.StackSpiller.RewriteExpressionFreeTemps(Expression expression, Stack stack)
   at System.Linq.Expressions.Compiler.StackSpiller.Rewrite[T](Expression`1 lambda)
   at System.Linq.Expressions.Compiler.LambdaCompiler.Compile(LambdaExpression lambda)
   at System.Linq.Expressions.Expression`1.Compile()
   at MockQueryable.Core.TestQueryProvider`1.CompileExpressionItem[TResult](Expression expression)
   at MockQueryable.Core.TestQueryProvider`1.Execute[TResult](Expression expression)
   at InvokeStub_IQueryProvider.Execute(Object, Span`1)
   at System.Reflection.MethodBaseInvoker.InvokeWithOneArg(Object obj, BindingFlags invokeAttr, Binder binder, Object[] parameters, CultureInfo culture)
  Başarılı Appointment_SaaS.Test.BulletProofTests.WebhookAuth_WithEmptyToken_ShouldReturn401 [2 ms]
  Başarılı Appointment_SaaS.Test.BulletProofTests.ActiveTenant_AllFlagsOk_ShouldAllowContextAccess [2 ms]
  Başarısız Appointment_SaaS.Test.BulletProofTests.GetStaffWithFewest_ShouldReturnNull_WhenNoActiveStaff [16 ms]
  Hata İletisi:
   System.ArgumentException : must be reducible node
  Yığın İzleme:
     at System.Linq.Expressions.Expression.ReduceAndCheck()
   at System.Linq.Expressions.Expression.ReduceExtensions()
   at System.Linq.Expressions.Compiler.StackSpiller.RewriteExtensionExpression(Expression expr, Stack stack)
   at System.Linq.Expressions.Compiler.StackSpiller.RewriteExpression(Expression node, Stack stack)
   at System.Linq.Expressions.Compiler.StackSpiller.ChildRewriter.Add(Expression expression)
   at System.Linq.Expressions.Compiler.StackSpiller.ChildRewriter.AddArguments(IArgumentProvider expressions)
   at System.Linq.Expressions.Compiler.StackSpiller.RewriteMethodCallExpression(Expression expr, Stack stack)
   at System.Linq.Expressions.Compiler.StackSpiller.RewriteExpression(Expression node, Stack stack)
   at System.Linq.Expressions.Compiler.StackSpiller.ChildRewriter.Add(Expression expression)
   at System.Linq.Expressions.Compiler.StackSpiller.ChildRewriter.AddArguments(IArgumentProvider expressions)
   at System.Linq.Expressions.Compiler.StackSpiller.RewriteMethodCallExpression(Expression expr, Stack stack)
   at System.Linq.Expressions.Compiler.StackSpiller.RewriteExpression(Expression node, Stack stack)
   at System.Linq.Expressions.Compiler.StackSpiller.RewriteExpressionFreeTemps(Expression expression, Stack stack)
   at System.Linq.Expressions.Compiler.StackSpiller.Rewrite[T](Expression`1 lambda)
   at System.Linq.Expressions.Compiler.LambdaCompiler.Compile(LambdaExpression lambda)
   at System.Linq.Expressions.Expression`1.Compile()
   at MockQueryable.Core.TestQueryProvider`1.CompileExpressionItem[TResult](Expression expression)
   at MockQueryable.Core.TestQueryProvider`1.Execute[TResult](Expression expression)
   at InvokeStub_IQueryProvider.Execute(Object, Span`1)
   at System.Reflection.MethodBaseInvoker.InvokeWithOneArg(Object obj, BindingFlags invokeAttr, Binder binder, Object[] parameters, CultureInfo culture)
  Başarılı Appointment_SaaS.Test.TenantManagerTests.SuspendForRefundAsync_ShouldDeactivateTenant_AndWriteLogs [115 ms]
  Başarısız Appointment_SaaS.Test.BulletProofTests.GetStaffWithFewest_ShouldAssignToFirstById_WhenLoadIsEqual [18 ms]
  Hata İletisi:
   System.ArgumentException : must be reducible node
  Yığın İzleme:
     at System.Linq.Expressions.Expression.ReduceAndCheck()
   at System.Linq.Expressions.Expression.ReduceExtensions()
   at System.Linq.Expressions.Compiler.StackSpiller.RewriteExtensionExpression(Expression expr, Stack stack)
   at System.Linq.Expressions.Compiler.StackSpiller.RewriteExpression(Expression node, Stack stack)
   at System.Linq.Expressions.Compiler.StackSpiller.ChildRewriter.Add(Expression expression)
   at System.Linq.Expressions.Compiler.StackSpiller.ChildRewriter.AddArguments(IArgumentProvider expressions)
   at System.Linq.Expressions.Compiler.StackSpiller.RewriteMethodCallExpression(Expression expr, Stack stack)
   at System.Linq.Expressions.Compiler.StackSpiller.RewriteExpression(Expression node, Stack stack)
   at System.Linq.Expressions.Compiler.StackSpiller.ChildRewriter.Add(Expression expression)
   at System.Linq.Expressions.Compiler.StackSpiller.ChildRewriter.AddArguments(IArgumentProvider expressions)
   at System.Linq.Expressions.Compiler.StackSpiller.RewriteMethodCallExpression(Expression expr, Stack stack)
   at System.Linq.Expressions.Compiler.StackSpiller.RewriteExpression(Expression node, Stack stack)
   at System.Linq.Expressions.Compiler.StackSpiller.RewriteExpressionFreeTemps(Expression expression, Stack stack)
   at System.Linq.Expressions.Compiler.StackSpiller.Rewrite[T](Expression`1 lambda)
   at System.Linq.Expressions.Compiler.LambdaCompiler.Compile(LambdaExpression lambda)
   at System.Linq.Expressions.Expression`1.Compile()
   at MockQueryable.Core.TestQueryProvider`1.CompileExpressionItem[TResult](Expression expression)
   at MockQueryable.Core.TestQueryProvider`1.Execute[TResult](Expression expression)
   at InvokeStub_IQueryProvider.Execute(Object, Span`1)
   at System.Reflection.MethodBaseInvoker.InvokeWithOneArg(Object obj, BindingFlags invokeAttr, Binder binder, Object[] parameters, CultureInfo culture)
  Başarılı Appointment_SaaS.Test.BulletProofTests.PassiveTenant_IsSubscriptionActive_False_ShouldNotAllowContextAccess [11 ms]
  Başarılı Appointment_SaaS.Test.TenantManagerTests.GetByFingerprintAsync_ShouldReturnTenant_WhenFingerprintMatches [23 ms]
  Başarılı Appointment_SaaS.Test.BulletProofTests.WebhookAuth_WithoutToken_ShouldReturn401 [3 ms]
  Başarılı Appointment_SaaS.Test.AntiFraudTests.RegisterBusinessOwnerAsync_ShouldNotSetTrialUsed_WhenPlanIsPaid [1 s]
[xUnit.net 00:00:12.18]   Finished:    Appointment_SaaS.Test
  Başarılı Appointment_SaaS.Test.AntiFraudTests.RegisterBusinessOwnerAsync_ShouldSetTrialUsed_WhenPlanIsTrial [1 s]

Test Çalıştırması Başarısız.
Toplam test sayısı: 57
     Geçti: 49
     Başarısız: 8
 Toplam süre: 13,4526 Saniye
